npm error code ENOENT
npm error syscall open
npm error path /app/package.json
npm error errno -2
npm error enoent Could not read package.json: Error: ENOENT: no such file or directory, open '/app/package.json'
npm error enoent This is related to npm not being able to find a file.
npm error enoent
npm error A complete log of this run can be found in: /home/jules/.npm/_logs/2026-01-06T08_28_56_438Z-debug-0.log
